12:48:28 AM - Projects in this build:
    * server/tsconfig.json

12:48:28 AM - Project 'server/tsconfig.json' is out of date because buildinfo file 'server/dist/tsconfig.tsbuildinfo' indicates that program needs to report errors.

12:48:28 AM - Building project '/app/server/tsconfig.json'...

server/health/aggregator.ts(1,29): error TS6307: File '/app/server/health/ci-signal.ts' is not listed within the file list of project '/app/server/tsconfig.json'. Projects must list all files or use an 'include' pattern.
server/health/aggregator.ts(2,31): error TS6307: File '/app/server/health/p95-latency.ts' is not listed within the file list of project '/app/server/tsconfig.json'. Projects must list all files or use an 'include' pattern.
server/health/aggregator.ts(3,37): error TS6307: File '/app/server/health/graph-consistency.ts' is not listed within the file list of project '/app/server/tsconfig.json'. Projects must list all files or use an 'include' pattern.
server/health/aggregator.ts(4,36): error TS6307: File '/app/server/health/error-taxonomies.ts' is not listed within the file list of project '/app/server/tsconfig.json'. Projects must list all files or use an 'include' pattern.
server/health/aggregator.ts(5,32): error TS6307: File '/app/server/health/secret-drift.ts' is not listed within the file list of project '/app/server/tsconfig.json'. Projects must list all files or use an 'include' pattern.
server/health/aggregator.ts(6,47): error TS6307: File '/app/server/health/predictive-anomaly-detection.ts' is not listed within the file list of project '/app/server/tsconfig.json'. Projects must list all files or use an 'include' pattern.
server/prompts/registry.ts(5,24): error TS6307: File '/app/server/utils/logger.ts' is not listed within the file list of project '/app/server/tsconfig.json'. Projects must list all files or use an 'include' pattern.
server/prompts/registry.ts(6,35): error TS6307: File '/app/server/prompts/types.ts' is not listed within the file list of project '/app/server/tsconfig.json'. Projects must list all files or use an 'include' pattern.
  The file is in the program because:
    Imported via './types' from file '/app/server/prompts/registry.ts'
    Imported via '../../prompts/types.js' from file '/app/server/src/services/GovernanceDashboardService.ts'
server/src/advisor.ts(6,8): error TS6307: File '/app/server/src/conductor/scheduling/pools.ts' is not listed within the file list of project '/app/server/tsconfig.json'. Projects must list all files or use an 'include' pattern.
server/src/ai/bootstrap.ts(8,23): error TS6307: File '/app/server/src/routes/aiWebhook.ts' is not listed within the file list of project '/app/server/tsconfig.json'. Projects must list all files or use an 'include' pattern.
server/src/analytics/realtime/RealTimeAnalyticsService.ts(1,38): error TS6307: File '/app/server/src/streaming/KafkaConsumer.ts' is not listed within the file list of project '/app/server/tsconfig.json'. Projects must list all files or use an 'include' pattern.
server/src/app.core.ts(11,23): error TS2742: The inferred type of 'createAppCore' cannot be named without a reference to '.pnpm/@types+express-serve-static-core@5.1.0/node_modules/@types/express-serve-static-core'. This is likely not portable. A type annotation is necessary.
server/src/app.ts(109,14): error TS2742: The inferred type of 'createApp' cannot be named without a reference to '.pnpm/@types+express-serve-static-core@5.1.0/node_modules/@types/express-serve-static-core'. This is likely not portable. A type annotation is necessary.
server/src/appFactory.ts(13,10): error TS2742: The inferred type of 'createApp' cannot be named without a reference to '.pnpm/@types+express-serve-static-core@5.1.0/node_modules/@types/express-serve-static-core'. This is likely not portable. A type annotation is necessary.
server/src/audit/advanced-audit-system.ts(16,44): error TS6307: File '/app/server/src/audit/AuditTimelineRollupService.ts' is not listed within the file list of project '/app/server/tsconfig.json'. Projects must list all files or use an 'include' pattern.
server/src/auth/sso/SSOService.ts(44,9): error TS4053: Return type of public method from exported class has or is using name 'AuthResponse' from external module "/app/server/src/services/AuthService" but cannot be named.
server/src/backup/BackupManager.ts(1,31): error TS6307: File '/app/server/src/backup/BackupService.ts' is not listed within the file list of project '/app/server/tsconfig.json'. Projects must list all files or use an 'include' pattern.
  The file is in the program because:
    Imported via './BackupService.js' from file '/app/server/src/backup/BackupManager.ts'
    Imported via '../backup/BackupService.js' from file '/app/server/src/dr/DisasterRecoveryService.ts'
server/src/cache/factory.ts(3,30): error TS6307: File '/app/server/src/cache/AdvancedCachingStrategy.ts' is not listed within the file list of project '/app/server/tsconfig.json'. Projects must list all files or use an 'include' pattern.
server/src/cases/CaseService.ts(13,40): error TS6307: File '/app/server/src/cases/ReleaseCriteriaService.ts' is not listed within the file list of project '/app/server/tsconfig.json'. Projects must list all files or use an 'include' pattern.
  The file is in the program because:
    Imported via './ReleaseCriteriaService.js' from file '/app/server/src/cases/CaseService.ts'
    Imported via '../cases/ReleaseCriteriaService.js' from file '/app/server/src/routes/cases.ts'
    Imported via '../cases/ReleaseCriteriaService.js' from file '/app/server/src/routes/cases.ts'
server/src/cases/scenarios/ScenarioService.ts(3,95): error TS6307: File '/app/server/src/cases/scenarios/types.ts' is not listed within the file list of project '/app/server/tsconfig.json'. Projects must list all files or use an 'include' pattern.
  The file is in the program because:
    Imported via './types.js' from file '/app/server/src/cases/scenarios/ScenarioService.ts'
    Imported via '../cases/scenarios/types.js' from file '/app/server/src/routes/scenarios.ts'
server/src/cases/workflow/repos/TaskRepo.ts(15,8): error TS6307: File '/app/server/src/cases/workflow/types.ts' is not listed within the file list of project '/app/server/tsconfig.json'. Projects must list all files or use an 'include' pattern.
server/src/cli/db-observability.ts(3,59): error TS6307: File '/app/server/src/observability/db-observability.ts' is not listed within the file list of project '/app/server/tsconfig.json'. Projects must list all files or use an 'include' pattern.
server/src/conductor/api.ts(6,7): error TS2742: The inferred type of 'router' cannot be named without a reference to '.pnpm/@types+express-serve-static-core@5.1.0/node_modules/@types/express-serve-static-core'. This is likely not portable. A type annotation is necessary.
server/src/conductor/compliance/compliance-api.ts(9,14): error TS2742: The inferred type of 'complianceRouter' cannot be named without a reference to '.pnpm/@types+express-serve-static-core@5.1.0/node_modules/@types/express-serve-static-core'. This is likely not portable. A type annotation is necessary.
server/src/conductor/config.ts(6,48): error TS6307: File '/app/server/src/conductor/mcp/servers/graphops-server.ts' is not listed within the file list of project '/app/server/tsconfig.json'. Projects must list all files or use an 'include' pattern.
  The file is in the program because:
    Imported via './mcp/servers/graphops-server' from file '/app/server/src/conductor/config.ts'
    Imported via '../conductor/mcp/servers/graphops-server' from file '/app/server/src/bootstrap/conductor.ts'
server/src/conductor/config.ts(7,48): error TS6307: File '/app/server/src/conductor/mcp/servers/files-server.ts' is not listed within the file list of project '/app/server/tsconfig.json'. Projects must list all files or use an 'include' pattern.
  The file is in the program because:
    Imported via './mcp/servers/files-server' from file '/app/server/src/conductor/config.ts'
    Imported via '../conductor/mcp/servers/files-server' from file '/app/server/src/bootstrap/conductor.ts'
server/src/conductor/mcp/orchestrator-api.ts(6,7): error TS2742: The inferred type of 'router' cannot be named without a reference to '.pnpm/@types+express-serve-static-core@5.1.0/node_modules/@types/express-serve-static-core'. This is likely not portable. A type annotation is necessary.
server/src/conductor/worker-entrypoint.ts(7,44): error TS6307: File '/app/server/src/conductor/scheduling/queue-worker.ts' is not listed within the file list of project '/app/server/tsconfig.json'. Projects must list all files or use an 'include' pattern.
server/src/config/database-mock.js(2,1): error TS9006: Declaration emit for this file requires using private name 'EventEmitterOptions' from module '"events"'. An explicit type annotation may unblock declaration emit.
server/src/config/redis.ts(1,33): error TS6307: File '/app/server/src/cache/factory.ts' is not listed within the file list of project '/app/server/tsconfig.json'. Projects must list all files or use an 'include' pattern.
server/src/config/safety.ts(20,17): error TS6307: File '/app/server/src/feature-flags/setup.ts' is not listed within the file list of project '/app/server/tsconfig.json'. Projects must list all files or use an 'include' pattern.
server/src/connectors/FileConnector.ts(1,31): error TS6307: File '/app/server/src/connectors/BaseConnector.ts' is not listed within the file list of project '/app/server/tsconfig.json'. Projects must list all files or use an 'include' pattern.
  The file is in the program because:
    Imported via './BaseConnector.js' from file '/app/server/src/connectors/FileConnector.ts'
    Imported via './BaseConnector.js' from file '/app/server/src/connectors/HttpConnector.ts'
    Imported via '../../../connectors/BaseConnector' from file '/app/server/src/ingestion/migration/connectors/MockMigrationConnector.ts'
    Imported via '../BaseConnector.js' from file '/app/server/src/connectors/implementations/OsintConnector.ts'
server/src/cross-border/router.ts(13,7): error TS2742: The inferred type of 'router' cannot be named without a reference to '.pnpm/@types+express-serve-static-core@5.1.0/node_modules/@types/express-serve-static-core'. This is likely not portable. A type annotation is necessary.
server/src/data-residency/exceptions/routes.ts(6,7): error TS2742: The inferred type of 'router' cannot be named without a reference to '.pnpm/@types+express-serve-static-core@5.1.0/node_modules/@types/express-serve-static-core'. This is likely not portable. A type annotation is necessary.
server/src/feature-flags/context.ts(3,36): error TS6307: File '/app/server/src/feature-flags/types.ts' is not listed within the file list of project '/app/server/tsconfig.json'. Projects must list all files or use an 'include' pattern.
  The file is in the program because:
    Imported via './types.js' from file '/app/server/src/feature-flags/context.ts'
    Imported via '../feature-flags/types.js' from file '/app/server/src/middleware/feature-flag-context.ts'
    Imported via './types.js' from file '/app/server/src/feature-flags/opaFeatureFlagClient.ts'
server/src/gates/migrationGates.ts(13,8): error TS6307: File '/app/server/src/migrations/migrationFramework.ts' is not listed within the file list of project '/app/server/tsconfig.json'. Projects must list all files or use an 'include' pattern.
server/src/governance/retention/provenanceIntegration.ts(9,8): error TS6307: File '/app/server/src/canonical/provenance.ts' is not listed within the file list of project '/app/server/tsconfig.json'. Projects must list all files or use an 'include' pattern.
  The file is in the program because:
    Imported via '../../canonical/provenance.js' from file '/app/server/src/governance/retention/provenanceIntegration.ts'
    Imported via '../../canonical/provenance.js' from file '/app/server/src/governance/retention/rtbfOrchestrator.ts'
server/src/graph/queryCache.ts(7,8): error TS6307: File '/app/server/src/cache/responseCache.ts' is not listed within the file list of project '/app/server/tsconfig.json'. Projects must list all files or use an 'include' pattern.
  The file is in the program because:
    Imported via '../cache/responseCache.js' from file '/app/server/src/graph/queryCache.ts'
    Imported via '../../cache/responseCache.js' from file '/app/server/src/graphql/resolvers/stats.ts'
    Imported via '../cache/responseCache.js' from file '/app/server/src/workers/cacheWarmupWorker.ts'
server/src/graphql/disclosure/resolvers.ts(5,24): error TS6307: File '/app/server/src/advisor.ts' is not listed within the file list of project '/app/server/tsconfig.json'. Projects must list all files or use an 'include' pattern.
server/src/graphql/recipes/resolvers.ts(2,41): error TS6307: File '/app/server/src/recipes/loader.ts' is not listed within the file list of project '/app/server/tsconfig.json'. Projects must list all files or use an 'include' pattern.
server/src/graphql/resolvers-combined.ts(7,31): error TS6307: File '/app/server/src/graphql/resolvers/v040/index.ts' is not listed within the file list of project '/app/server/tsconfig.json'. Projects must list all files or use an 'include' pattern.
server/src/graphql/resolvers.canonical.ts(2,34): error TS6307: File '/app/server/src/canonical/types.ts' is not listed within the file list of project '/app/server/tsconfig.json'. Projects must list all files or use an 'include' pattern.
  The file is in the program because:
    Imported via '../canonical/types' from file '/app/server/src/graphql/resolvers.canonical.ts'
    Imported via '../canonical/types.js' from file '/app/server/src/services/GraphCoreService.ts'
    Imported via '../canonical/types' from file '/app/server/src/ingestion/mapping.ts'
server/src/graphql/resolvers.graphops.js(9,39): error TS6307: File '/app/server/src/services/neighborhood-cache.ts' is not listed within the file list of project '/app/server/tsconfig.json'. Projects must list all files or use an 'include' pattern.
  The file is in the program because:
    Imported via '../services/neighborhood-cache.js' from file '/app/server/src/graphql/resolvers.graphops.js'
    Imported via '../../services/neighborhood-cache.js' from file '/app/server/src/graphql/resolvers/crudResolvers.ts'
server/src/graphql/resolvers/collaboration.ts(6,14): error TS4023: Exported variable 'collaborationResolvers' has or is using name 'WarRoom' from external module "/app/server/src/collaboration/warRoomService" but cannot be named.
server/src/graphql/resolvers/collaboration.ts(6,14): error TS4023: Exported variable 'collaborationResolvers' has or is using name 'WarRoomParticipant' from external module "/app/server/src/collaboration/warRoomService" but cannot be named.
server/src/graphql/resolvers/evidence.ts(1,43): error TS6307: File '/app/server/src/maestro/evidence/provenance-service.ts' is not listed within the file list of project '/app/server/tsconfig.json'. Projects must list all files or use an 'include' pattern.
  The file is in the program because:
    Imported via '../../maestro/evidence/provenance-service' from file '/app/server/src/graphql/resolvers/evidence.ts'
    Imported via '../maestro/evidence/provenance-service.js' from file '/app/server/src/trust-center/trust-center-service.ts'
server/src/graphql/resolvers/health.ts(1,32): error TS6307: File '/app/server/health/aggregator.ts' is not listed within the file list of project '/app/server/tsconfig.json'. Projects must list all files or use an 'include' pattern.
server/src/graphql/resolvers/index.ts(26,7): error TS4023: Exported variable 'resolvers' has or is using name 'User' from external module "/app/server/src/graphql/resolvers/user" but cannot be named.
server/src/graphql/resolvers/index.ts(26,7): error TS4023: Exported variable 'resolvers' has or is using name 'WarRoom' from external module "/app/server/src/collaboration/warRoomService" but cannot be named.
server/src/graphql/resolvers/index.ts(26,7): error TS4023: Exported variable 'resolvers' has or is using name 'WarRoomParticipant' from external module "/app/server/src/collaboration/warRoomService" but cannot be named.
server/src/graphql/resolvers/similarity.ts(73,14): error TS4023: Exported variable 'similarityResolvers' has or is using name 'Context' from external module "/app/server/src/middleware/withAuthAndPolicy" but cannot be named.
server/src/graphql/resolvers/trust-risk.ts(6,8): error TS6307: File '/app/server/src/observability/trust-risk-metrics.ts' is not listed within the file list of project '/app/server/tsconfig.json'. Projects must list all files or use an 'include' pattern.
  The file is in the program because:
    Imported via '../../observability/trust-risk-metrics.js' from file '/app/server/src/graphql/resolvers/trust-risk.ts'
    Imported via '../observability/trust-risk-metrics.js' from file '/app/server/src/workers/trustScore.ts'
server/src/graphql/subscriptions.ts(20,7): error TS4023: Exported variable 'subscriptionResolvers' has or is using name 'EventEnvelope' from external module "/app/server/src/graphql/ordered-pubsub" but cannot be named.
server/src/graphql/theming/resolvers.ts(7,30): error TS6307: File '/app/server/src/services/theming/theme-service.ts' is not listed within the file list of project '/app/server/tsconfig.json'. Projects must list all files or use an 'include' pattern.
server/src/http/incident.ts(9,14): error TS2742: The inferred type of 'incidentRouter' cannot be named without a reference to '.pnpm/@types+express-serve-static-core@5.1.0/node_modules/@types/express-serve-static-core'. This is likely not portable. A type annotation is necessary.
server/src/http/status.ts(10,14): error TS2742: The inferred type of 'statusRouter' cannot be named without a reference to '.pnpm/@types+express-serve-static-core@5.1.0/node_modules/@types/express-serve-static-core'. This is likely not portable. A type annotation is necessary.
server/src/incubation/budget.ts(1,31): error TS5097: An import path can only end with a '.ts' extension when 'allowImportingTsExtensions' is enabled.
server/src/incubation/eval_harness.ts(1,35): error TS5097: An import path can only end with a '.ts' extension when 'allowImportingTsExtensions' is enabled.
server/src/incubation/eval_harness.ts(2,76): error TS5097: An import path can only end with a '.ts' extension when 'allowImportingTsExtensions' is enabled.
server/src/incubation/registry.ts(1,30): error TS5097: An import path can only end with a '.ts' extension when 'allowImportingTsExtensions' is enabled.
server/src/incubation/sandbox.ts(1,72): error TS5097: An import path can only end with a '.ts' extension when 'allowImportingTsExtensions' is enabled.
server/src/incubation/sandbox.ts(2,37): error TS5097: An import path can only end with a '.ts' extension when 'allowImportingTsExtensions' is enabled.
server/src/incubation/sandbox.ts(3,34): error TS5097: An import path can only end with a '.ts' extension when 'allowImportingTsExtensions' is enabled.
server/src/interop/cli.ts(1,10): error TS2305: Module '"*"' has no exported member 'Command'.
server/src/jobs/job.manager.ts(2,30): error TS6307: File '/app/server/src/queue/queue.factory.ts' is not listed within the file list of project '/app/server/tsconfig.json'. Projects must list all files or use an 'include' pattern.
server/src/jobs/processors/index.ts(1,31): error TS6307: File '/app/server/src/queue/worker.ts' is not listed within the file list of project '/app/server/tsconfig.json'. Projects must list all files or use an 'include' pattern.
server/src/jobs/processors/resource-janitor.ts(3,10): error TS2724: '"../../utils/logger.js"' has no exported member named 'Logger'. Did you mean 'logger'?
server/src/lib/cache/multi-tier-cache.ts(150,5): error TS2740: Type 'IORedis' is missing the following properties from type 'RedisClient': publish, subscribe, on, get, and 8 more.
server/src/lib/resources/QuotaConfig.ts(1,10): error TS2305: Module '"./types.js"' has no exported member 'PlanLimits'.
server/src/lib/resources/QuotaConfig.ts(1,22): error TS2305: Module '"./types.js"' has no exported member 'PlanTier'.
server/src/lib/resources/budget-tracker.ts(68,7): error TS2353: Object literal may only specify known properties, and 'triggeredThresholds' does not exist in type 'BudgetStatus'.
server/src/lib/resources/budget-tracker.ts(68,46): error TS2339: Property 'triggeredThresholds' does not exist on type 'BudgetStatus'.
server/src/lib/resources/budget-tracker.ts(172,42): error TS2339: Property 'triggeredThresholds' does not exist on type 'BudgetStatus'.
server/src/lib/resources/budget-tracker.ts(183,17): error TS2339: Property 'triggeredThresholds' does not exist on type 'BudgetStatus'.
server/src/lib/resources/budget-tracker.ts(193,5): error TS2322: Type '{ agent_runs?: BudgetStatus; coordination?: BudgetStatus; evaluation?: BudgetStatus; write_actions?: BudgetStatus; marketplace?: BudgetStatus; ci_assurance?: BudgetStatus; }' is not assignable to type 'Record<CostDomain, BudgetStatus>'.
  Property 'agent_runs' is optional in type '{ agent_runs?: BudgetStatus; coordination?: BudgetStatus; evaluation?: BudgetStatus; write_actions?: BudgetStatus; marketplace?: BudgetStatus; ci_assurance?: BudgetStatus; }' but required in type 'Record<CostDomain, BudgetStatus>'.
server/src/lib/resources/resource-allocator.ts(11,24): error TS2614: Module '"./quota-manager.js"' has no exported member 'ResourceType'. Did you mean to use 'import ResourceType from "./quota-manager.js"' instead?
server/src/lib/resources/resource-allocator.ts(11,38): error TS2614: Module '"./quota-manager.js"' has no exported member 'ResourceIdentifiers'. Did you mean to use 'import ResourceIdentifiers from "./quota-manager.js"' instead?
server/src/lib/resources/resource-allocator.ts(60,18): error TS2339: Property 'releaseQuota' does not exist on type 'QuotaManager'.
server/src/lib/resources/resource-allocator.ts(67,34): error TS2339: Property 'checkQuota' does not exist on type 'QuotaManager'.
server/src/lib/resources/resource-allocator.ts(75,22): error TS2339: Property 'consumeQuota' does not exist on type 'QuotaManager'.
server/src/lib/telemetry/comprehensive-telemetry.ts(2,10): error TS2305: Module '"@opentelemetry/api"' has no exported member 'Meter'.
server/src/lib/telemetry/comprehensive-telemetry.ts(3,10): error TS2305: Module '"@opentelemetry/sdk-metrics"' has no exported member 'MeterProvider'.
server/src/lib/telemetry/comprehensive-telemetry.ts(4,10): error TS2305: Module '"@opentelemetry/resources"' has no exported member 'Resource'.
server/src/lib/telemetry/comprehensive-telemetry.ts(5,10): error TS2305: Module '"@opentelemetry/semantic-conventions"' has no exported member 'SemanticResourceAttributes'.
server/src/logger.js(1,24): error TS6307: File '/app/server/logger.ts' is not listed within the file list of project '/app/server/tsconfig.json'. Projects must list all files or use an 'include' pattern.
  The file is in the program because:
    Imported via '../logger.ts' from file '/app/server/src/logger.js'
    Imported via '../../../logger' from file '/app/server/src/conductor/deployment/deploymentGateService.ts'
server/src/logging/structuredLogger.ts(9,29): error TS6307: File '/app/server/src/audit/ledger.ts' is not listed within the file list of project '/app/server/tsconfig.json'. Projects must list all files or use an 'include' pattern.
  The file is in the program because:
    Imported via '../audit/ledger.js' from file '/app/server/src/logging/structuredLogger.ts'
    Imported via '../audit/ledger.js' from file '/app/server/src/routes/ops.ts'
server/src/maestro/coordination/service.ts(2,89): error TS6307: File '/app/server/src/maestro/coordination/types.ts' is not listed within the file list of project '/app/server/tsconfig.json'. Projects must list all files or use an 'include' pattern.
  The file is in the program because:
    Imported via './types' from file '/app/server/src/maestro/coordination/service.ts'
    Imported via './types' from file '/app/server/src/maestro/coordination/budget-manager.ts'
server/src/maestro/coordination/service.ts(3,31): error TS6307: File '/app/server/src/maestro/coordination/budget-manager.ts' is not listed within the file list of project '/app/server/tsconfig.json'. Projects must list all files or use an 'include' pattern.
server/src/maestro/coordination/service.ts(4,32): error TS6307: File '/app/server/src/maestro/MaestroService.ts' is not listed within the file list of project '/app/server/tsconfig.json'. Projects must list all files or use an 'include' pattern.
server/src/maestro/core.ts(3,27): error TS6307: File '/app/server/src/maestro/cost_meter.ts' is not listed within the file list of project '/app/server/tsconfig.json'. Projects must list all files or use an 'include' pattern.
  The file is in the program because:
    Imported via './cost_meter' from file '/app/server/src/maestro/core.ts'
    Imported via '../cost_meter' from file '/app/server/src/maestro/adapters/llm_openai.ts'
    Imported via './maestro/cost_meter.js' from file '/app/server/src/app.ts'
    Imported via '../maestro/cost_meter' from file '/app/server/src/cli/maestro_run.ts'
server/src/maestro/core.ts(4,27): error TS6307: File '/app/server/src/maestro/adapters/llm_openai.ts' is not listed within the file list of project '/app/server/tsconfig.json'. Projects must list all files or use an 'include' pattern.
  The file is in the program because:
    Imported via './adapters/llm_openai' from file '/app/server/src/maestro/core.ts'
    Imported via '../maestro/adapters/llm_openai' from file '/app/server/src/cli/maestro_run.ts'
server/src/maestro/engine.ts(5,8): error TS6307: File '/app/server/src/maestro/model.ts' is not listed within the file list of project '/app/server/tsconfig.json'. Projects must list all files or use an 'include' pattern.
  The file is in the program because:
    Imported via './model' from file '/app/server/src/maestro/engine.ts'
    Imported via './model' from file '/app/server/src/maestro/dsl.ts'
    Imported via './model.js' from file '/app/server/src/maestro/subagent-coordinator.ts'
    Imported via './model.js' from file '/app/server/src/maestro/MaestroService.ts'
    Imported via './model.js' from file '/app/server/src/maestro/governance-service.ts'
    Imported via '../maestro/model' from file '/app/server/src/routes/maestro.ts'
server/src/maestro/engine.ts(6,28): error TS6307: File '/app/server/src/maestro/dsl.ts' is not listed within the file list of project '/app/server/tsconfig.json'. Projects must list all files or use an 'include' pattern.
server/src/maestro/engine.ts(10,37): error TS6307: File '/app/server/src/maestro/coordination/service.ts' is not listed within the file list of project '/app/server/tsconfig.json'. Projects must list all files or use an 'include' pattern.
server/src/maestro/executors/executors-api.ts(8,7): error TS2742: The inferred type of 'router' cannot be named without a reference to '.pnpm/@types+express-serve-static-core@5.1.0/node_modules/@types/express-serve-static-core'. This is likely not portable. A type annotation is necessary.
server/src/maestro/governance-service.ts(137,12): error TS2304: Cannot find name 'Agent'.
server/src/maestro/governance-service.ts(224,9): error TS2322: Type '"agent"' is not assignable to type '"system" | "user" | "api" | "job"'.
server/src/maestro/governance-service.ts(267,37): error TS2304: Cannot find name 'Agent'.
server/src/maestro/governance-service.ts(354,25): error TS2304: Cannot find name 'Agent'.
server/src/maestro/governance-service.ts(399,29): error TS2304: Cannot find name 'Agent'.
server/src/maestro/pipelines/pipelines-api.ts(3,31): error TS6307: File '/app/server/src/maestro/pipelines/pipelines-repo.ts' is not listed within the file list of project '/app/server/tsconfig.json'. Projects must list all files or use an 'include' pattern.
server/src/maestro/pipelines/pipelines-api.ts(7,7): error TS2742: The inferred type of 'router' cannot be named without a reference to '.pnpm/@types+express-serve-static-core@5.1.0/node_modules/@types/express-serve-static-core'. This is likely not portable. A type annotation is necessary.
server/src/maestro/runs/runs-api.ts(17,7): error TS2742: The inferred type of 'router' cannot be named without a reference to '.pnpm/@types+express-serve-static-core@5.1.0/node_modules/@types/express-serve-static-core'. This is likely not portable. A type annotation is necessary.
server/src/maestro/scheduler/Scheduler.ts(2,31): error TS6307: File '/app/server/src/maestro/executors/executors-repo.ts' is not listed within the file list of project '/app/server/tsconfig.json'. Projects must list all files or use an 'include' pattern.
  The file is in the program because:
    Imported via '../executors/executors-repo.js' from file '/app/server/src/maestro/scheduler/Scheduler.ts'
    Imported via '../executors/executors-repo.js' from file '/app/server/src/maestro/scheduler/ExecutorSelector.ts'
    Imported via './executors-repo.js' from file '/app/server/src/maestro/executors/executors-api.ts'
server/src/maestro/scheduler/Scheduler.ts(4,46): error TS6307: File '/app/server/src/maestro/scheduler/QueueHelper.ts' is not listed within the file list of project '/app/server/tsconfig.json'. Projects must list all files or use an 'include' pattern.
server/src/maestro/scheduler/Scheduler.ts(5,34): error TS6307: File '/app/server/src/maestro/scheduler/ExecutorSelector.ts' is not listed within the file list of project '/app/server/tsconfig.json'. Projects must list all files or use an 'include' pattern.
server/src/maestro/subagent-coordinator.ts(246,11): error TS2353: Object literal may only specify known properties, and 'proposalId' does not exist in type 'any[]'.
server/src/maestro/subagent-coordinator.ts(259,7): error TS2322: Type '"agent"' is not assignable to type '"system" | "user" | "api" | "job"'.
server/src/maestro/subagent-coordinator.ts(342,7): error TS2322: Type '"agent"' is not assignable to type '"system" | "user" | "api" | "job"'.
server/src/maestro/subagent-coordinator.ts(401,17): error TS2339: Property 'updatedAt' does not exist on type 'CoordinationChannel'.
server/src/maestro/subagent-coordinator.ts(433,7): error TS2322: Type '"agent"' is not assignable to type '"system" | "user" | "api" | "job"'.
server/src/maestro/subagent-coordinator.ts(476,44): error TS2345: Argument of type '{ title: string; description: string; priority: "critical" | "low" | "medium" | "high"; payload: { originalRequestId: string; task: string; capabilities: string[]; }; }' is not assignable to parameter of type 'Omit<CoordinationTask, "error" | "id" | "status" | "result" | "createdAt" | "updatedAt">'.
  Property 'assignedAgentIds' is missing in type '{ title: string; description: string; priority: "critical" | "low" | "medium" | "high"; payload: { originalRequestId: string; task: string; capabilities: string[]; }; }' but required in type 'Omit<CoordinationTask, "error" | "id" | "status" | "result" | "createdAt" | "updatedAt">'.
server/src/maestro/subagent-coordinator.ts(494,7): error TS2322: Type '"agent"' is not assignable to type '"system" | "user" | "api" | "job"'.
server/src/maestro/subagent-coordinator.ts(554,13): error TS2339: Property 'updatedAt' does not exist on type 'AgentCoordinationMetrics'.
server/src/metering/routes.ts(6,14): error TS2742: The inferred type of 'meteringRouter' cannot be named without a reference to '.pnpm/@types+express-serve-static-core@5.1.0/node_modules/@types/express-serve-static-core'. This is likely not portable. A type annotation is necessary.
server/src/middleware/correlation-id.ts(9,27): error TS6307: File '/app/server/src/observability/tracer.ts' is not listed within the file list of project '/app/server/tsconfig.json'. Projects must list all files or use an 'include' pattern.
  The file is in the program because:
    Imported via '../observability/tracer.js' from file '/app/server/src/middleware/correlation-id.ts'
    Imported via '../../observability/tracer.js' from file '/app/server/src/services/entity-resolution/service.ts'
    Imported via '../observability/tracer.js' from file '/app/server/src/monitoring/middleware.ts'
    Imported via './observability/tracer.js' from file '/app/server/src/app.ts'
    Imported via './observability/tracer.js' from file '/app/server/src/index.ts'
    Imported via './observability/tracer.js' from file '/app/server/src/otel.ts'
    Imported via '../observability/tracer.js' from file '/app/server/src/services/IngestService.ts'
    Imported via '../../observability/tracer' from file '/app/server/src/jobs/processors/soc2EvidenceJob.ts'
    Imported via '../observability/tracer' from file '/app/server/src/orchestrator/maestro.ts'
server/src/middleware/errorHandler.ts(2,33): error TS6307: File '/app/server/src/observability/index.ts' is not listed within the file list of project '/app/server/tsconfig.json'. Projects must list all files or use an 'include' pattern.
  The file is in the program because:
    Imported via '../observability/index.js' from file '/app/server/src/middleware/errorHandler.ts'
    Imported via '../observability/index.js' from file '/app/server/src/routes/monitoring.ts'
    Imported via '../observability/index.js' from file '/app/server/src/routes/webhooks.ts'
server/src/middleware/feature-flag-context.ts(2,41): error TS6307: File '/app/server/src/feature-flags/context.ts' is not listed within the file list of project '/app/server/tsconfig.json'. Projects must list all files or use an 'include' pattern.
  The file is in the program because:
    Imported via '../feature-flags/context.js' from file '/app/server/src/middleware/feature-flag-context.ts'
    Imported via '../feature-flags/context.js' from file '/app/server/src/middleware/kill-switch.ts'
server/src/middleware/kill-switch.ts(2,35): error TS6307: File '/app/server/src/feature-flags/opaFeatureFlagClient.ts' is not listed within the file list of project '/app/server/tsconfig.json'. Projects must list all files or use an 'include' pattern.
server/src/middleware/observability/otel-tracing.ts(11,8): error TS6307: File '/app/server/src/observability/telemetry.ts' is not listed within the file list of project '/app/server/tsconfig.json'. Projects must list all files or use an 'include' pattern.
  The file is in the program because:
    Imported via '../../observability/telemetry.js' from file '/app/server/src/middleware/observability/otel-tracing.ts'
    Imported via '../observability/telemetry' from file '/app/server/src/services/cost-guard.ts'
    Imported via '../observability/telemetry.js' from file '/app/server/src/monitoring/safeMutationsMetrics.ts'
    Imported via '../observability/telemetry.js' from file '/app/server/src/services/RTBFJobService.ts'
server/src/nlp/resolution.ts(7,28): error TS6307: File '/app/server/src/graph/store.ts' is not listed within the file list of project '/app/server/tsconfig.json'. Projects must list all files or use an 'include' pattern.
  The file is in the program because:
    Imported via '../graph/store' from file '/app/server/src/nlp/resolution.ts'
    Imported via '../graph/store' from file '/app/server/src/nlp/graph_updater.ts'
server/src/observability/db-observability.ts(3,32): error TS6307: File '/app/server/src/audit/index.ts' is not listed within the file list of project '/app/server/tsconfig.json'. Projects must list all files or use an 'include' pattern.
  The file is in the program because:
    Imported via '../audit/index.js' from file '/app/server/src/observability/db-observability.ts'
    Imported via '../audit/index.js' from file '/app/server/src/services/evidence-access.service.ts'
server/src/observability/index.ts(1,15): error TS6307: File '/app/server/src/observability/context.ts' is not listed within the file list of project '/app/server/tsconfig.json'. Projects must list all files or use an 'include' pattern.
  The file is in the program because:
    Imported via './context.js' from file '/app/server/src/observability/index.ts'
    Imported via '../context.js' from file '/app/server/src/observability/logging/logger.ts'
    Imported via '../observability/context.js' from file '/app/server/src/middleware/context-binding.ts'
    Imported via '../observability/context.js' from file '/app/server/src/middleware/observability.ts'
server/src/observability/index.ts(2,15): error TS6307: File '/app/server/src/observability/logging/logger.ts' is not listed within the file list of project '/app/server/tsconfig.json'. Projects must list all files or use an 'include' pattern.
  The file is in the program because:
    Imported via './logging/logger.js' from file '/app/server/src/observability/index.ts'
    Imported via '../observability/logging/logger.js' from file '/app/server/src/middleware/observability.ts'
server/src/observability/index.ts(3,15): error TS6307: File '/app/server/src/observability/metrics/metrics.ts' is not listed within the file list of project '/app/server/tsconfig.json'. Projects must list all files or use an 'include' pattern.
  The file is in the program because:
    Imported via './metrics/metrics.js' from file '/app/server/src/observability/index.ts'
    Imported via '../observability/metrics/metrics.js' from file '/app/server/src/middleware/observability.ts'
server/src/observability/index.ts(4,24): error TS6307: File '/app/server/src/observability/tracing.ts' is not listed within the file list of project '/app/server/tsconfig.json'. Projects must list all files or use an 'include' pattern.
  The file is in the program because:
    Imported via './tracing.js' from file '/app/server/src/observability/index.ts'
    Imported via '../observability/tracing.js' from file '/app/server/src/services/LLMService.ts'
server/src/platform/intelgraph-core/api.ts(5,10): error TS2742: The inferred type of 'router' cannot be named without a reference to '.pnpm/@types+express-serve-static-core@5.1.0/node_modules/@types/express-serve-static-core'. This is likely not portable. A type annotation is necessary.
server/src/platform/maestro-core/api.ts(6,10): error TS2742: The inferred type of 'router' cannot be named without a reference to '.pnpm/@types+express-serve-static-core@5.1.0/node_modules/@types/express-serve-static-core'. This is likely not portable. A type annotation is necessary.
server/src/routes/abyss.ts(87,14): error TS2742: The inferred type of 'abyssRouter' cannot be named without a reference to '.pnpm/@types+express-serve-static-core@5.1.0/node_modules/@types/express-serve-static-core'. This is likely not portable. A type annotation is necessary.
server/src/routes/actions.ts(115,14): error TS2742: The inferred type of 'actionsRouter' cannot be named without a reference to '.pnpm/@types+express-serve-static-core@5.1.0/node_modules/@types/express-serve-static-core'. This is likely not portable. A type annotation is necessary.
server/src/routes/admin-smoke.ts(6,7): error TS2742: The inferred type of 'router' cannot be named without a reference to '.pnpm/@types+express-serve-static-core@5.1.0/node_modules/@types/express-serve-static-core'. This is likely not portable. A type annotation is necessary.
server/src/routes/ai.ts(32,7): error TS2742: The inferred type of 'router' cannot be named without a reference to '.pnpm/@types+express-serve-static-core@5.1.0/node_modules/@types/express-serve-static-core'. This is likely not portable. A type annotation is necessary.
server/src/routes/aiWebhook.ts(6,7): error TS2742: The inferred type of 'router' cannot be named without a reference to '.pnpm/@types+express-serve-static-core@5.1.0/node_modules/@types/express-serve-static-core'. This is likely not portable. A type annotation is necessary.
server/src/routes/airgap.ts(11,14): error TS2742: The inferred type of 'airgapRouter' cannot be named without a reference to '.pnpm/@types+express-serve-static-core@5.1.0/node_modules/@types/express-serve-static-core'. This is likely not portable. A type annotation is necessary.
server/src/routes/analytics.ts(6,7): error TS2742: The inferred type of 'router' cannot be named without a reference to '.pnpm/@types+express-serve-static-core@5.1.0/node_modules/@types/express-serve-static-core'. This is likely not portable. A type annotation is necessary.
server/src/routes/anomalies.ts(4,7): error TS2742: The inferred type of 'router' cannot be named without a reference to '.pnpm/@types+express-serve-static-core@5.1.0/node_modules/@types/express-serve-static-core'. This is likely not portable. A type annotation is necessary.
server/src/routes/aurora.ts(104,14): error TS2742: The inferred type of 'auroraRouter' cannot be named without a reference to '.pnpm/@types+express-serve-static-core@5.1.0/node_modules/@types/express-serve-static-core'. This is likely not portable. A type annotation is necessary.
server/src/routes/authRoutes.ts(26,7): error TS2742: The inferred type of 'router' cannot be named without a reference to '.pnpm/@types+express-serve-static-core@5.1.0/node_modules/@types/express-serve-static-core'. This is likely not portable. A type annotation is necessary.
server/src/routes/billing.ts(6,7): error TS2742: The inferred type of 'router' cannot be named without a reference to '.pnpm/@types+express-serve-static-core@5.1.0/node_modules/@types/express-serve-static-core'. This is likely not portable. A type annotation is necessary.
server/src/routes/cases.ts(8,29): error TS6307: File '/app/server/src/cases/CaseService.ts' is not listed within the file list of project '/app/server/tsconfig.json'. Projects must list all files or use an 'include' pattern.
server/src/routes/cases.ts(11,37): error TS6307: File '/app/server/src/cases/overview/CaseOverviewService.ts' is not listed within the file list of project '/app/server/tsconfig.json'. Projects must list all files or use an 'include' pattern.
  The file is in the program because:
    Imported via '../cases/overview/CaseOverviewService.js' from file '/app/server/src/routes/cases.ts'
    Imported via '../cases/overview/CaseOverviewService.js' from file '/app/server/src/jobs/caseOverviewCacheJob.ts'
    Imported via '../cases/overview/CaseOverviewService.js' from file '/app/server/src/scripts/case-overview-cache.ts'
server/src/routes/cases.ts(12,32): error TS6307: File '/app/server/src/cases/comments/CommentService.ts' is not listed within the file list of project '/app/server/tsconfig.json'. Projects must list all files or use an 'include' pattern.
server/src/routes/cases.ts(13,39): error TS6307: File '/app/server/src/cases/chain-of-custody.ts' is not listed within the file list of project '/app/server/tsconfig.json'. Projects must list all files or use an 'include' pattern.
server/src/routes/cases.ts(16,48): error TS6307: File '/app/server/src/cases/reporting/templates.ts' is not listed within the file list of project '/app/server/tsconfig.json'. Projects must list all files or use an 'include' pattern.
server/src/routes/cases.ts(32,14): error TS2742: The inferred type of 'caseRouter' cannot be named without a reference to '.pnpm/@types+express-serve-static-core@5.1.0/node_modules/@types/express-serve-static-core'. This is likely not portable. A type annotation is necessary.
server/src/routes/cases.ts(697,39): error TS6307: File '/app/server/src/cases/workflow/repos/TaskRepo.ts' is not listed within the file list of project '/app/server/tsconfig.json'. Projects must list all files or use an 'include' pattern.
server/src/routes/claims.ts(7,7): error TS2742: The inferred type of 'router' cannot be named without a reference to '.pnpm/@types+express-serve-static-core@5.1.0/node_modules/@types/express-serve-static-core'. This is likely not portable. A type annotation is necessary.
server/src/routes/cohorts.ts(4,7): error TS2742: The inferred type of 'router' cannot be named without a reference to '.pnpm/@types+express-serve-static-core@5.1.0/node_modules/@types/express-serve-static-core'. This is likely not portable. A type annotation is necessary.
server/src/routes/correctness-program.ts(5,7): error TS2742: The inferred type of 'router' cannot be named without a reference to '.pnpm/@types+express-serve-static-core@5.1.0/node_modules/@types/express-serve-static-core'. This is likely not portable. A type annotation is necessary.
server/src/routes/crypto-intelligence.ts(6,7): error TS2742: The inferred type of 'router' cannot be named without a reference to '.pnpm/@types+express-serve-static-core@5.1.0/node_modules/@types/express-serve-static-core'. This is likely not portable. A type annotation is necessary.
server/src/routes/data-governance-routes.ts(10,7): error TS2742: The inferred type of 'router' cannot be named without a reference to '.pnpm/@types+express-serve-static-core@5.1.0/node_modules/@types/express-serve-static-core'. This is likely not portable. A type annotation is necessary.
server/src/routes/demo.ts(4,7): error TS2742: The inferred type of 'router' cannot be named without a reference to '.pnpm/@types+express-serve-static-core@5.1.0/node_modules/@types/express-serve-static-core'. This is likely not portable. A type annotation is necessary.
server/src/routes/disclosures.ts(8,7): error TS2742: The inferred type of 'router' cannot be named without a reference to '.pnpm/@types+express-serve-static-core@5.1.0/node_modules/@types/express-serve-static-core'. This is likely not portable. A type annotation is necessary.
server/src/routes/dr.ts(6,7): error TS2742: The inferred type of 'router' cannot be named without a reference to '.pnpm/@types+express-serve-static-core@5.1.0/node_modules/@types/express-serve-static-core'. This is likely not portable. A type annotation is necessary.
server/src/routes/echelon2.ts(115,14): error TS2742: The inferred type of 'echelon2Router' cannot be named without a reference to '.pnpm/@types+express-serve-static-core@5.1.0/node_modules/@types/express-serve-static-core'. This is likely not portable. A type annotation is necessary.
server/src/routes/entity-resolution.ts(5,7): error TS2742: The inferred type of 'router' cannot be named without a reference to '.pnpm/@types+express-serve-static-core@5.1.0/node_modules/@types/express-serve-static-core'. This is likely not portable. A type annotation is necessary.
server/src/routes/experiments.ts(9,7): error TS2742: The inferred type of 'router' cannot be named without a reference to '.pnpm/@types+express-serve-static-core@5.1.0/node_modules/@types/express-serve-static-core'. This is likely not portable. A type annotation is necessary.
server/src/routes/exports.ts(5,7): error TS2742: The inferred type of 'router' cannot be named without a reference to '.pnpm/@types+express-serve-static-core@5.1.0/node_modules/@types/express-serve-static-core'. This is likely not portable. A type annotation is necessary.
server/src/routes/funnels.ts(4,7): error TS2742: The inferred type of 'router' cannot be named without a reference to '.pnpm/@types+express-serve-static-core@5.1.0/node_modules/@types/express-serve-static-core'. This is likely not portable. A type annotation is necessary.
server/src/routes/gtm-messaging.ts(5,14): error TS2742: The inferred type of 'gtmRouter' cannot be named without a reference to '.pnpm/@types+express-serve-static-core@5.1.0/node_modules/@types/express-serve-static-core'. This is likely not portable. A type annotation is necessary.
server/src/routes/health.ts(7,7): error TS2742: The inferred type of 'router' cannot be named without a reference to '.pnpm/@types+express-serve-static-core@5.1.0/node_modules/@types/express-serve-static-core'. This is likely not portable. A type annotation is necessary.
server/src/routes/internal/command-console.ts(5,7): error TS2742: The inferred type of 'router' cannot be named without a reference to '.pnpm/@types+express-serve-static-core@5.1.0/node_modules/@types/express-serve-static-core'. This is likely not portable. A type annotation is necessary.
server/src/routes/lineage.ts(160,7): error TS2742: The inferred type of 'lineageRouter' cannot be named without a reference to '.pnpm/@types+express-serve-static-core@5.1.0/node_modules/@types/express-serve-static-core'. This is likely not portable. A type annotation is necessary.
server/src/routes/maestro.ts(2,29): error TS6307: File '/app/server/src/maestro/pipelines/pipelines-api.ts' is not listed within the file list of project '/app/server/tsconfig.json'. Projects must list all files or use an 'include' pattern.
server/src/routes/maestro.ts(3,24): error TS6307: File '/app/server/src/maestro/runs/runs-api.ts' is not listed within the file list of project '/app/server/tsconfig.json'. Projects must list all files or use an 'include' pattern.
server/src/routes/maestro.ts(4,29): error TS6307: File '/app/server/src/maestro/executors/executors-api.ts' is not listed within the file list of project '/app/server/tsconfig.json'. Projects must list all files or use an 'include' pattern.
server/src/routes/maestro.ts(6,7): error TS2742: The inferred type of 'router' cannot be named without a reference to '.pnpm/@types+express-serve-static-core@5.1.0/node_modules/@types/express-serve-static-core'. This is likely not portable. A type annotation is necessary.
server/src/routes/maestro.ts(29,31): error TS6307: File '/app/server/src/maestro/engine.ts' is not listed within the file list of project '/app/server/tsconfig.json'. Projects must list all files or use an 'include' pattern.
server/src/routes/maestro.ts(39,14): error TS2742: The inferred type of 'createMaestroRouter' cannot be named without a reference to '.pnpm/@types+express-serve-static-core@5.1.0/node_modules/@types/express-serve-static-core'. This is likely not portable. A type annotation is necessary.
server/src/routes/maestro_routes.ts(3,25): error TS6307: File '/app/server/src/maestro/core.ts' is not listed within the file list of project '/app/server/tsconfig.json'. Projects must list all files or use an 'include' pattern.
  The file is in the program because:
    Imported via '../maestro/core.js' from file '/app/server/src/routes/maestro_routes.ts'
    Imported via './maestro/core.js' from file '/app/server/src/app.ts'
    Imported via '../maestro/core' from file '/app/server/src/cli/maestro_run.ts'
server/src/routes/maestro_routes.ts(4,32): error TS6307: File '/app/server/src/maestro/queries.ts' is not listed within the file list of project '/app/server/tsconfig.json'. Projects must list all files or use an 'include' pattern.
  The file is in the program because:
    Imported via '../maestro/queries.js' from file '/app/server/src/routes/maestro_routes.ts'
    Imported via './maestro/queries.js' from file '/app/server/src/app.ts'
server/src/routes/mastery.ts(5,7): error TS2742: The inferred type of 'router' cannot be named without a reference to '.pnpm/@types+express-serve-static-core@5.1.0/node_modules/@types/express-serve-static-core'. This is likely not portable. A type annotation is necessary.
server/src/routes/meta-orchestrator.ts(7,7): error TS2742: The inferred type of 'router' cannot be named without a reference to '.pnpm/@types+express-serve-static-core@5.1.0/node_modules/@types/express-serve-static-core'. This is likely not portable. A type annotation is necessary.
server/src/routes/mnemosyne.ts(88,14): error TS2742: The inferred type of 'mnemosyneRouter' cannot be named without a reference to '.pnpm/@types+express-serve-static-core@5.1.0/node_modules/@types/express-serve-static-core'. This is likely not portable. A type annotation is necessary.
server/src/routes/monitoring.ts(34,7): error TS2742: The inferred type of 'router' cannot be named without a reference to '.pnpm/@types+express-serve-static-core@5.1.0/node_modules/@types/express-serve-static-core'. This is likely not portable. A type annotation is necessary.
server/src/routes/narrative-sim.ts(19,7): error TS2742: The inferred type of 'router' cannot be named without a reference to '.pnpm/@types+express-serve-static-core@5.1.0/node_modules/@types/express-serve-static-core'. This is likely not portable. A type annotation is necessary.
server/src/routes/necromancer.ts(110,14): error TS2742: The inferred type of 'necromancerRouter' cannot be named without a reference to '.pnpm/@types+express-serve-static-core@5.1.0/node_modules/@types/express-serve-static-core'. This is likely not portable. A type annotation is necessary.
server/src/routes/nl-graph-query.ts(17,7): error TS2742: The inferred type of 'router' cannot be named without a reference to '.pnpm/@types+express-serve-static-core@5.1.0/node_modules/@types/express-serve-static-core'. This is likely not portable. A type annotation is necessary.
server/src/routes/ops.ts(5,7): error TS2742: The inferred type of 'r' cannot be named without a reference to '.pnpm/@types+express-serve-static-core@5.1.0/node_modules/@types/express-serve-static-core'. This is likely not portable. A type annotation is necessary.
server/src/routes/oracle.ts(87,14): error TS2742: The inferred type of 'oracleRouter' cannot be named without a reference to '.pnpm/@types+express-serve-static-core@5.1.0/node_modules/@types/express-serve-static-core'. This is likely not portable. A type annotation is necessary.
server/src/routes/osint.ts(15,7): error TS2742: The inferred type of 'router' cannot be named without a reference to '.pnpm/@types+express-serve-static-core@5.1.0/node_modules/@types/express-serve-static-core'. This is likely not portable. A type annotation is necessary.
server/src/routes/phantom_limb.ts(124,14): error TS2742: The inferred type of 'phantomLimbRouter' cannot be named without a reference to '.pnpm/@types+express-serve-static-core@5.1.0/node_modules/@types/express-serve-static-core'. This is likely not portable. A type annotation is necessary.
server/src/routes/qaf.ts(5,7): error TS2742: The inferred type of 'router' cannot be named without a reference to '.pnpm/@types+express-serve-static-core@5.1.0/node_modules/@types/express-serve-static-core'. This is likely not portable. A type annotation is necessary.
server/src/routes/query-preview-stream.ts(10,7): error TS2742: The inferred type of 'router' cannot be named without a reference to '.pnpm/@types+express-serve-static-core@5.1.0/node_modules/@types/express-serve-static-core'. This is likely not portable. A type annotation is necessary.
server/src/routes/reporting.ts(69,7): error TS2742: The inferred type of 'router' cannot be named without a reference to '.pnpm/@types+express-serve-static-core@5.1.0/node_modules/@types/express-serve-static-core'. This is likely not portable. A type annotation is necessary.
server/src/routes/resource-costs.ts(7,7): error TS2742: The inferred type of 'router' cannot be named without a reference to '.pnpm/@types+express-serve-static-core@5.1.0/node_modules/@types/express-serve-static-core'. This is likely not portable. A type annotation is necessary.
server/src/routes/retention.ts(4,7): error TS2742: The inferred type of 'router' cannot be named without a reference to '.pnpm/@types+express-serve-static-core@5.1.0/node_modules/@types/express-serve-static-core'. This is likely not portable. A type annotation is necessary.
server/src/routes/scenarios.ts(2,33): error TS6307: File '/app/server/src/cases/scenarios/ScenarioService.ts' is not listed within the file list of project '/app/server/tsconfig.json'. Projects must list all files or use an 'include' pattern.
server/src/routes/scenarios.ts(7,7): error TS2742: The inferred type of 'router' cannot be named without a reference to '.pnpm/@types+express-serve-static-core@5.1.0/node_modules/@types/express-serve-static-core'. This is likely not portable. A type annotation is necessary.
server/src/routes/search-index.ts(6,7): error TS2742: The inferred type of 'router' cannot be named without a reference to '.pnpm/@types+express-serve-static-core@5.1.0/node_modules/@types/express-serve-static-core'. This is likely not portable. A type annotation is necessary.
server/src/routes/search-v1.ts(9,7): error TS2742: The inferred type of 'router' cannot be named without a reference to '.pnpm/@types+express-serve-static-core@5.1.0/node_modules/@types/express-serve-static-core'. This is likely not portable. A type annotation is necessary.
server/src/routes/sharing.ts(29,7): error TS2742: The inferred type of 'router' cannot be named without a reference to '.pnpm/@types+express-serve-static-core@5.1.0/node_modules/@types/express-serve-static-core'. This is likely not portable. A type annotation is necessary.
server/src/routes/sharing.ts(49,5): error TS2353: Object literal may only specify known properties, and 'watermark' does not exist in type '{ scope: SharingScope; resourceType: "document" | "report" | "bundle"; resourceId: string; expiresAt: Date; permissions: Permission[]; createdBy: string; labelId?: string; }'.
server/src/routes/siem-platform.ts(6,7): error TS2742: The inferred type of 'router' cannot be named without a reference to '.pnpm/@types+express-serve-static-core@5.1.0/node_modules/@types/express-serve-static-core'. This is likely not portable. A type annotation is necessary.
server/src/routes/sso.ts(5,7): error TS2742: The inferred type of 'router' cannot be named without a reference to '.pnpm/@types+express-serve-static-core@5.1.0/node_modules/@types/express-serve-static-core'. This is likely not portable. A type annotation is necessary.
server/src/routes/stream.ts(7,7): error TS2742: The inferred type of 'router' cannot be named without a reference to '.pnpm/@types+express-serve-static-core@5.1.0/node_modules/@types/express-serve-static-core'. This is likely not portable. A type annotation is necessary.
server/src/routes/streaming.ts(11,35): error TS6307: File '/app/server/src/services/streaming/ingest-worker.ts' is not listed within the file list of project '/app/server/tsconfig.json'. Projects must list all files or use an 'include' pattern.
server/src/routes/streaming.ts(16,7): error TS2742: The inferred type of 'router' cannot be named without a reference to '.pnpm/@types+express-serve-static-core@5.1.0/node_modules/@types/express-serve-static-core'. This is likely not portable. A type annotation is necessary.
server/src/routes/summit-investigate.ts(10,7): error TS2742: The inferred type of 'router' cannot be named without a reference to '.pnpm/@types+express-serve-static-core@5.1.0/node_modules/@types/express-serve-static-core'. This is likely not portable. A type annotation is necessary.
server/src/routes/support-tickets.ts(16,7): error TS2742: The inferred type of 'router' cannot be named without a reference to '.pnpm/@types+express-serve-static-core@5.1.0/node_modules/@types/express-serve-static-core'. This is likely not portable. A type annotation is necessary.
server/src/routes/tenants.ts(23,7): error TS2742: The inferred type of 'router' cannot be named without a reference to '.pnpm/@types+express-serve-static-core@5.1.0/node_modules/@types/express-serve-static-core'. This is likely not portable. A type annotation is necessary.
server/src/routes/tenants/billing.ts(8,7): error TS2742: The inferred type of 'router' cannot be named without a reference to '.pnpm/@types+express-serve-static-core@5.1.0/node_modules/@types/express-serve-static-core'. This is likely not portable. A type annotation is necessary.
server/src/routes/tenants/provision.ts(12,7): error TS2742: The inferred type of 'router' cannot be named without a reference to '.pnpm/@types+express-serve-static-core@5.1.0/node_modules/@types/express-serve-static-core'. This is likely not portable. A type annotation is necessary.
server/src/routes/ticket-links.ts(8,7): error TS2742: The inferred type of 'router' cannot be named without a reference to '.pnpm/@types+express-serve-static-core@5.1.0/node_modules/@types/express-serve-static-core'. This is likely not portable. A type annotation is necessary.
server/src/routes/webhooks.ts(15,7): error TS2742: The inferred type of 'router' cannot be named without a reference to '.pnpm/@types+express-serve-static-core@5.1.0/node_modules/@types/express-serve-static-core'. This is likely not portable. A type annotation is necessary.
server/src/routes/workspaces.ts(5,7): error TS2742: The inferred type of 'router' cannot be named without a reference to '.pnpm/@types+express-serve-static-core@5.1.0/node_modules/@types/express-serve-static-core'. This is likely not portable. A type annotation is necessary.
server/src/routes/zero_day.ts(141,14): error TS2742: The inferred type of 'zeroDayRouter' cannot be named without a reference to '.pnpm/@types+express-serve-static-core@5.1.0/node_modules/@types/express-serve-static-core'. This is likely not portable. A type annotation is necessary.
server/src/runtime/deps.ts(6,25): error TS6307: File '/app/server/src/runtime/breakers.ts' is not listed within the file list of project '/app/server/tsconfig.json'. Projects must list all files or use an 'include' pattern.
server/src/security/llm-guardrails.ts(21,33): error TS6307: File '/app/server/src/safety/safety-v2.ts' is not listed within the file list of project '/app/server/tsconfig.json'. Projects must list all files or use an 'include' pattern.
server/src/security/vulnerability-dashboard-api.ts(18,7): error TS2742: The inferred type of 'router' cannot be named without a reference to '.pnpm/@types+express-serve-static-core@5.1.0/node_modules/@types/express-serve-static-core'. This is likely not portable. A type annotation is necessary.
server/src/services/GraphAnalyticsService.ts(13,8): error TS6307: File '/app/server/src/graph/types.ts' is not listed within the file list of project '/app/server/tsconfig.json'. Projects must list all files or use an 'include' pattern.
  The file is in the program because:
    Imported via '../graph/types' from file '/app/server/src/services/GraphAnalyticsService.ts'
    Imported via './types.js' from file '/app/server/src/graph/store.ts'
    Imported via '../graph/types' from file '/app/server/src/nlp/graph_updater.ts'
    Imported via './types' from file '/app/server/src/graph/patternQuery.ts'
    Imported via '../graph/types' from file '/app/server/src/services/GraphPatternService.ts'
    Imported via '../graph/types' from file '/app/server/src/services/GraphService.ts'
    Imported via '../graph/types' from file '/app/server/src/services/InvestigationSessionService.ts'
server/src/services/GraphPatternService.ts(5,8): error TS6307: File '/app/server/src/graph/patternQuery.ts' is not listed within the file list of project '/app/server/tsconfig.json'. Projects must list all files or use an 'include' pattern.
server/src/services/InfluenceDetectionService.ts(2,44): error TS6307: File '/app/server/src/graph/algorithms.ts' is not listed within the file list of project '/app/server/tsconfig.json'. Projects must list all files or use an 'include' pattern.
server/src/services/InfluenceOperationsService.ts(31,9): error TS4053: Return type of public method from exported class has or is using name 'CIBDetectionResult' from external module "/app/server/src/services/CIBDetectionService" but cannot be named.
server/src/services/IntelGraphService.ts(10,8): error TS6307: File '/app/server/src/graph/schema.ts' is not listed within the file list of project '/app/server/tsconfig.json'. Projects must list all files or use an 'include' pattern.
  The file is in the program because:
    Imported via '../graph/schema' from file '/app/server/src/services/IntelGraphService.ts'
    Imported via '../../graph/schema' from file '/app/server/src/maestro/pipelines/decision-analysis-pipeline.ts'
    Imported via '../../graph/schema' from file '/app/server/src/maestro/pipelines/decision-analysis-pipeline.ts'
server/src/services/IntelligenceAnalysisService.ts(127,9): error TS4053: Return type of public method from exported class has or is using name 'AnomalyDetection' from external module "/app/server/src/services/mlAnalysisService" but cannot be named.
server/src/services/IntelligenceAnalysisService.ts(163,9): error TS4053: Return type of public method from exported class has or is using name 'GraphMetrics' from external module "/app/server/src/services/mlAnalysisService" but cannot be named.
server/src/services/PluginService.js(12,7): error TS2527: The inferred type of 'PluginService' references an inaccessible 'this' type. A type annotation is necessary.
server/src/services/RelationshipShapeValidator.ts(1,61): error TS6307: File '/app/server/src/graph/relationship-schema.ts' is not listed within the file list of project '/app/server/tsconfig.json'. Projects must list all files or use an 'include' pattern.
server/src/services/SummitInvestigate.ts(3,37): error TS6307: File '/app/server/src/routes/summit-investigate.ts' is not listed within the file list of project '/app/server/tsconfig.json'. Projects must list all files or use an 'include' pattern.
server/src/services/ThreatIntelligenceFusionService.ts(84,9): error TS4053: Return type of public method from exported class has or is using name 'ForecastResult' from external module "/app/server/src/services/PredictiveThreatAnalyticsService" but cannot be named.
server/src/services/ThreatIntelligenceFusionService.ts(84,9): error TS4053: Return type of public method from exported class has or is using name 'StrategicWarning' from external module "/app/server/src/services/PredictiveThreatAnalyticsService" but cannot be named.
server/src/services/ThreatIntelligenceFusionService.ts(113,9): error TS4053: Return type of public method from exported class has or is using name 'IntelligenceBriefing' from external module "/app/server/src/services/AutomatedIntelligenceReportingService" but cannot be named.
server/src/services/billing/MeteringService.ts(96,9): error TS2739: Type '{ originalEvent: BillableEvent; meteringId: string; }' is missing the following properties from type 'MutationPayload': mutationType, entityId, entityType
server/src/services/llm.ts(8,28): error TS6307: File '/app/server/src/services/llmBreaker.ts' is not listed within the file list of project '/app/server/tsconfig.json'. Projects must list all files or use an 'include' pattern.
server/src/services/reporting/types/Template.ts(5,65): error TS6307: File '/app/server/src/services/reporting/types/Report.ts' is not listed within the file list of project '/app/server/tsconfig.json'. Projects must list all files or use an 'include' pattern.
  The file is in the program because:
    Imported via './Report.js' from file '/app/server/src/services/reporting/types/Template.ts'
    Imported via './Report.js' from file '/app/server/src/services/reporting/types/index.ts'
server/src/services/theming/theme-service.ts(19,8): error TS6307: File '/app/server/src/services/theming/theme-types.ts' is not listed within the file list of project '/app/server/tsconfig.json'. Projects must list all files or use an 'include' pattern.
  The file is in the program because:
    Imported via './theme-types.js' from file '/app/server/src/services/theming/theme-service.ts'
    Imported via './theme-types.js' from file '/app/server/src/services/theming/theme-service.ts'
    Imported via '../../services/theming/theme-types.js' from file '/app/server/src/graphql/theming/resolvers.ts'
server/src/services/xai-overlay/XAIOverlayService.ts(17,28): error TS6307: File '/app/server/src/federal/dual-notary.ts' is not listed within the file list of project '/app/server/tsconfig.json'. Projects must list all files or use an 'include' pattern.
  The file is in the program because:
    Imported via '../../federal/dual-notary.js' from file '/app/server/src/services/xai-overlay/XAIOverlayService.ts'
    Imported via '../../federal/dual-notary.js' from file '/app/server/src/services/xai-overlay/ExternalVerifier.ts'
server/src/tests/fixtures/reporting/mock-templates.ts(5,37): error TS6307: File '/app/server/src/services/reporting/types/Template.ts' is not listed within the file list of project '/app/server/tsconfig.json'. Projects must list all files or use an 'include' pattern.
  The file is in the program because:
    Imported via '../../../services/reporting/types/Template.js' from file '/app/server/src/tests/fixtures/reporting/mock-templates.ts'
    Imported via './Template.js' from file '/app/server/src/services/reporting/types/index.ts'
server/src/tests/fixtures/reporting/test-helpers.ts(5,44): error TS6307: File '/app/server/src/services/reporting/types/index.ts' is not listed within the file list of project '/app/server/tsconfig.json'. Projects must list all files or use an 'include' pattern.
server/src/tests/pluginService.test.js(9,34): error TS6307: File '/app/server/src/tests/plugin/__fixtures__/analytics.json' is not listed within the file list of project '/app/server/tsconfig.json'. Projects must list all files or use an 'include' pattern.
